../Core/Src/frame.c:60:9:byteStuffing	32	static
../Core/Src/frame.c:119:6:calculate_crc16	40	static
../Core/Src/frame.c:132:6:checkFrame	40	static
../Core/Src/frame.c:158:6:sendFrame	232	static
../Core/Src/frame.c:186:6:handleCommand	24	static
../Core/Src/frame.c:198:6:executeILSI	16	static
../Core/Src/frame.c:208:6:executeIPRE	16	static
../Core/Src/frame.c:241:6:executeIREL	16	static
../Core/Src/frame.c:267:6:executeIREF	16	static
../Core/Src/frame.c:283:6:executeIINI	16	static
../Core/Src/frame.c:297:6:executeIGET	40	static
../Core/Src/frame.c:306:6:executeICNT	40	static
../Core/Src/frame.c:316:6:executeWAPB	16	static
../Core/Src/frame.c:330:6:executeWPRE	16	static
../Core/Src/frame.c:354:6:executeWREL	16	static
../Core/Src/frame.c:373:6:executeWWIN	16	static
../Core/Src/frame.c:388:6:executeWEWI	16	static
../Core/Src/frame.c:402:6:executeWINI	16	static
../Core/Src/frame.c:422:6:executeWREF	16	static
../Core/Src/frame.c:434:6:executeWGET	40	static
../Core/Src/frame.c:445:6:executeWCNT	40	static
