../Drivers/CMSIS/Include/core_cm4.h:1814:22:__NVIC_SetPriority	16	static
../Drivers/CMSIS/Include/core_cm4.h:2022:26:SysTick_Config	16	static
../Core/Src/main.c:79:6:configureSysTick	8	static
../Core/Src/main.c:84:9:USART_kbhit	4	static
../Core/Src/main.c:89:9:USART_getchar	16	static
../Core/Src/main.c:101:9:USART_getline	24	static
../Core/Src/main.c:124:6:USART_fsend_frame	32	static,ignoring_inline_asm
../Core/Src/main.c:149:6:USART_fsend	152	static,ignoring_inline_asm
../Core/Src/main.c:177:6:HAL_UART_TxCpltCallback	24	static
../Core/Src/main.c:189:6:HAL_UART_RxCpltCallback	16	static
../Core/Src/main.c:257:8:reset_frame_state	16	static
../Core/Src/main.c:202:5:main	176	static
../Core/Src/main.c:337:6:SystemClock_Config	88	static
../Core/Src/main.c:389:6:Error_Handler	4	static,ignoring_inline_asm
